[13:26:39.755] [MelonLoader.Bootstrap] Using HostFXR Path: C:\Program Files\dotnet\host\fxr\10.0.8\hostfxr.dll
[13:26:39.756] [MelonLoader.Bootstrap] Using .NET runtime: 'C:\Program Files\dotnet\host\fxr\10.0.8\hostfxr.dll'

[13:26:39.994] ------------------------------
[13:26:39.995] MelonLoader v0.7.3 Open-Beta
[13:26:39.996] OS: Windows 11
[13:26:39.996] Hash Code: BDD43DC0F3893C208C95389B863AB61C967AE14204DA0DD8051647E754C8709B
[13:26:39.996] ------------------------------
[13:26:39.997] Game Type: Il2cpp
[13:26:39.997] Game Arch: x64
[13:26:39.997] ------------------------------
[13:26:39.997] Command-Line: 
[13:26:39.997] ------------------------------
[13:26:39.997] Core::BasePath = H:\steam\steamapps\common\Sixtar Gate STARGAZER
[13:26:39.999] Game::BasePath = H:\steam\steamapps\common\Sixtar Gate STARGAZER
[13:26:39.999] Game::DataPath = H:\steam\steamapps\common\Sixtar Gate STARGAZER\Sixtar Gate STARGAZER_Data
[13:26:39.999] Game::ApplicationPath = H:\steam\steamapps\common\Sixtar Gate STARGAZER\Sixtar Gate STARGAZER.exe
[13:26:39.999] Runtime Type: net6
[13:26:40.060] ------------------------------
[13:26:40.061] Game Name: Sixtar Gate STARGAZER
[13:26:40.061] Game Developer: Starlike
[13:26:40.062] Unity Version: 2022.3.50f1
[13:26:40.062] Game Version: 1.0.7.001
[13:26:40.063] ------------------------------

[13:26:40.542] Preferences Loaded!

[13:26:40.555] Loading UserLibs...
[13:26:40.556] 0 UserLibs loaded.

[13:26:40.557] Loading Plugins...
[13:26:40.561] 0 Plugins loaded.

[13:26:40.966] Loading Il2CppAssemblyGenerator...
[13:26:40.995] [Il2CppAssemblyGenerator] Contacting RemoteAPI...
[13:26:41.681] [ERROR] [Il2CppAssemblyGenerator] WebException (BadGateway) while Contacting RemoteAPI Host (https://api.melonloader.com/api/v1/game/sixtar-gate-stargazer): System.Net.Http.HttpRequestException: Response status code does not indicate success: 502 (Bad Gateway).
   at System.Net.Http.HttpResponseMessage.EnsureSuccessStatusCode()
   at MelonLoader.Il2CppAssemblyGenerator.RemoteAPI.ContactHosts() in D:\a\MelonLoader\MelonLoader\Dependencies\Il2CppAssemblyGenerator\RemoteAPI.cs:line 61
[13:26:42.489] [ERROR] [Il2CppAssemblyGenerator] WebException (BadGateway) while Contacting RemoteAPI Host (https://api-1.melonloader.com/api/v1/game/sixtar-gate-stargazer): System.Net.Http.HttpRequestException: Response status code does not indicate success: 502 (Bad Gateway).
   at System.Net.Http.HttpResponseMessage.EnsureSuccessStatusCode()
   at MelonLoader.Il2CppAssemblyGenerator.RemoteAPI.ContactHosts() in D:\a\MelonLoader\MelonLoader\Dependencies\Il2CppAssemblyGenerator\RemoteAPI.cs:line 61
[13:26:42.991] [ERROR] [Il2CppAssemblyGenerator] WebException (BadGateway) while Contacting RemoteAPI Host (https://api-2.melonloader.com/api/v1/game/sixtar-gate-stargazer): System.Net.Http.HttpRequestException: Response status code does not indicate success: 502 (Bad Gateway).
   at System.Net.Http.HttpResponseMessage.EnsureSuccessStatusCode()
   at MelonLoader.Il2CppAssemblyGenerator.RemoteAPI.ContactHosts() in D:\a\MelonLoader\MelonLoader\Dependencies\Il2CppAssemblyGenerator\RemoteAPI.cs:line 61
[13:26:44.022] [ERROR] [Il2CppAssemblyGenerator] WebException (BadGateway) while Contacting RemoteAPI Host (https://melon.samboy.dev/api/v1/game/sixtar-gate-stargazer): System.Net.Http.HttpRequestException: Response status code does not indicate success: 502 (Bad Gateway).
   at System.Net.Http.HttpResponseMessage.EnsureSuccessStatusCode()
   at MelonLoader.Il2CppAssemblyGenerator.RemoteAPI.ContactHosts() in D:\a\MelonLoader\MelonLoader\Dependencies\Il2CppAssemblyGenerator\RemoteAPI.cs:line 61
[13:26:44.565] [ERROR] [Il2CppAssemblyGenerator] WebException (526) while Contacting RemoteAPI Host (https://melon.dubyadu.de/api/v1/game/sixtar-gate-stargazer): System.Net.Http.HttpRequestException: Response status code does not indicate success: 526 (<none>).
   at System.Net.Http.HttpResponseMessage.EnsureSuccessStatusCode()
   at MelonLoader.Il2CppAssemblyGenerator.RemoteAPI.ContactHosts() in D:\a\MelonLoader\MelonLoader\Dependencies\Il2CppAssemblyGenerator\RemoteAPI.cs:line 61
[13:26:44.565] [Il2CppAssemblyGenerator] RemoteAPI.DumperVersion = null
[13:26:44.566] [Il2CppAssemblyGenerator] RemoteAPI.ObfuscationRegex = null
[13:26:44.566] [Il2CppAssemblyGenerator] RemoteAPI.MappingURL = null
[13:26:44.566] [Il2CppAssemblyGenerator] RemoteAPI.MappingFileSHA512 = null
[13:26:44.569] [Il2CppAssemblyGenerator] Using Cpp2IL Version: 2022.1.0-pre-release.21
[13:26:44.569] [Il2CppAssemblyGenerator] Using Il2CppInterop Version = 1.5.1-ci.845+f03c8f4ae507d47ea814f3d11d1ec6b0391c1576
[13:26:44.570] [Il2CppAssemblyGenerator] Using Unity Dependencies Version = 2022.3.50
[13:26:44.570] [Il2CppAssemblyGenerator] Using Deobfuscation Regex = null
[13:26:44.570] [Il2CppAssemblyGenerator] Cpp2IL is up to date.
[13:26:44.570] [Il2CppAssemblyGenerator] Cpp2IL.Plugin.StrippedCodeRegSupport is up to date.
[13:26:44.570] [Il2CppAssemblyGenerator] UnityDependencies is up to date.
[13:26:44.571] [Il2CppAssemblyGenerator] Checking GameAssembly...
[13:26:44.648] [Il2CppAssemblyGenerator] Assembly is up to date. No Generation Needed.

[13:26:44.650] Loading Mods...
[13:26:44.675] ------------------------------
[13:26:44.677] Melon Assembly loaded: '.\Mods\STARGAZER custom chart.dll'
[13:26:44.677] SHA256 Hash: 'C399C0FF43556C42CB6AE888EA11EF81B15A233537A65CD3325DAB0587187739'

[13:26:44.711] ------------------------------
[13:26:44.711] STARGAZER custom chart v0.1.0
[13:26:44.711] by Author
[13:26:44.711] Assembly: STARGAZER custom chart.dll
[13:26:44.712] ------------------------------
[13:26:44.712] ------------------------------
[13:26:44.712] 1 Mod loaded.

[13:26:45.353] [WARNING] [Il2CppInterop] Class::Init signatures have been exhausted, using a substitute!
[13:26:45.394] [Il2CppInterop] Registered mono type MelonLoader.Support.MonoEnumeratorWrapper in il2cpp domain
[13:26:45.445] Support Module Loaded: H:\steam\steamapps\common\Sixtar Gate STARGAZER\MelonLoader\Dependencies\SupportModules\Il2Cpp.dll
[13:26:45.462] [STARGAZER_custom_chart] [Mod] OnInitialize called.
[13:26:45.464] [STARGAZER custom chart] [HookPatch][init] begin patching. mode=startingpoint-id-suffix
[13:26:45.476] [STARGAZER_custom_chart] [HookPatch][init] patched: Il2CppStargazer.Play.PlayerBase.Play
[13:26:45.485] [STARGAZER_custom_chart] [HookPatch][init] patched: Il2CppStargazer.Play.PlayerBase.PlayStart
[13:26:45.490] [STARGAZER_custom_chart] [HookPatch][init] patched: Il2CppStargazer.Play.StargazerPlayer.Load
[13:26:45.495] [STARGAZER_custom_chart] [HookPatch][init] patched: Il2CppStargazer.TrackLoader+INNER_TrackData.LoadPattern
[13:26:45.500] [STARGAZER_custom_chart] [HookPatch][init] patched: Il2CppStargazer.Play.StargazerPlayer+INNER_PatternLoader.Load
[13:26:45.505] [STARGAZER_custom_chart] [HookPatch][init] patched: Il2CppStargazer.Play.StargazerPlayer+INNER_PatternLoader._Load_b__5_0
[13:26:45.512] [STARGAZER_custom_chart] [HookPatch][init] patched: Il2CppStargazer.TrackLoader+INNER_TrackData.LoadBGMClip
[13:26:45.516] [STARGAZER_custom_chart] [HookPatch][init] patched: Il2CppStargazer.TrackLoader+INNER_TrackData.LoadPreviewClip
[13:26:45.525] [STARGAZER_custom_chart] [HookPatch][init] patched: Il2CppStarlike.Sound.SoundPlayer.PlayBGM
[13:26:45.529] [STARGAZER_custom_chart] [HookPatch][init] patched: Il2CppStarlike.Sound.SoundPlayer.GetBGMHandler
[13:26:45.534] [STARGAZER_custom_chart] [HookPatch][init] patched: Il2CppStarlike.Sound.SoundPlayer.StopBGM
[13:26:45.541] [STARGAZER_custom_chart] [HookPatch][init] patched: Il2CppStargazer.Play.StargazerPlayer+INNER_TravelPlayHandler.BGMPlayChecker
[13:26:45.548] [STARGAZER_custom_chart] [HookPatch][init] patched: Il2CppStargazer.Play.StargazerPlayer+INNER_TravelPlayHandler.Play
[13:26:45.552] [STARGAZER_custom_chart] [HookPatch][init] patched: Il2CppStargazer.Play.Widgets.CurrentTrackViewer.Listen
[13:26:45.557] [STARGAZER_custom_chart] [HookPatch][init] patched: Il2CppStargazer.Travel.Result.PlayInfoViewer.ShowPlayInfo
[13:26:45.565] [STARGAZER_custom_chart] [HookPatch][init] patched: Il2CppStargazer.Travel.LevelSelector.LevelSelector.FetchTrackRecord
[13:26:45.572] [STARGAZER_custom_chart] [HookPatch][init] patched: Il2CppStargazer.Travel.LevelSelector.LevelSelector.FetchJacektImage
[13:26:45.577] [STARGAZER_custom_chart] [HookPatch][init] patched: Il2CppStargazer.TrackLoader+INNER_TrackData.get_TrackDisplayName
[13:26:45.580] [STARGAZER_custom_chart] [HookPatch][init] patched: Il2CppStargazer.TrackLoader+INNER_TrackData.get_TrackDisplayNameEN
[13:26:45.584] [WARNING] [Il2CppInterop] Failed to init IL2CPP patch backend for string Il2CppStargazer.TrackLoader+INNER_TrackMetaData::get_displayName(), using normal patch handlers: Method string Il2CppStargazer.TrackLoader+INNER_TrackMetaData::get_displayName() is a field accessor, it can't be patched.
[13:26:45.585] [STARGAZER_custom_chart] [HookPatch][init] patched: Il2CppStargazer.TrackLoader+INNER_TrackMetaData.get_displayName
[13:26:45.585] [WARNING] [Il2CppInterop] Failed to init IL2CPP patch backend for string Il2CppStargazer.TrackLoader+INNER_TrackMetaData::get_displayNameEN(), using normal patch handlers: Method string Il2CppStargazer.TrackLoader+INNER_TrackMetaData::get_displayNameEN() is a field accessor, it can't be patched.
[13:26:45.586] [STARGAZER_custom_chart] [HookPatch][init] patched: Il2CppStargazer.TrackLoader+INNER_TrackMetaData.get_displayNameEN
[13:26:45.590] [STARGAZER_custom_chart] [HookPatch][init] patched: Il2CppStargazer.TrackLoader+INNER_TrackData.get_ArtistDisplayName
[13:26:45.596] [STARGAZER_custom_chart] [HookPatch][init] patched: Il2CppStargazer.TrackLoader+INNER_TrackData.get_TrackID
[13:26:45.597] [STARGAZER_custom_chart] [HookPatch][init] patch summary: patched=23, missing=0, appliedAll=True
[13:26:45.597] [STARGAZER_custom_chart] [FocusedTrackViewerProbe] Found type: Il2CppStargazer.Travel.FocusedTrackViewer. Proceeding with dynamic hooks.
[13:26:45.620] [STARGAZER_custom_chart] [FocusedTrackViewerProbe] Successfully patched 4/4 methods of FocusedTrackViewer (excluding getters/setters).
[13:26:45.731] [Il2CppInterop] Registered mono type MelonLoader.Support.SM_Component in il2cpp domain
[13:26:55.648] [HookInvoke][PRE] Il2CppStarlike.Sound.SoundPlayer.PlayBGM instance=Il2CppStarlike.Sound.SoundPlayer args=[arg0=UnityEngine.AudioClip, arg1=ESoundType:SystemBGM]
[13:26:55.648] [HookInvoke][POST] Il2CppStarlike.Sound.SoundPlayer.PlayBGM instance=Il2CppStarlike.Sound.SoundPlayer args=[arg0=UnityEngine.AudioClip, arg1=ESoundType:SystemBGM]
[13:26:58.631] [HookInvoke][PRE] Il2CppStarlike.Sound.SoundPlayer.StopBGM instance=Il2CppStarlike.Sound.SoundPlayer args=[]
[13:26:58.631] [HookInvoke][POST] Il2CppStarlike.Sound.SoundPlayer.StopBGM instance=Il2CppStarlike.Sound.SoundPlayer args=[]
[13:26:58.672] [HookInvoke][PRE] Il2CppStarlike.Sound.SoundPlayer.PlayBGM instance=Il2CppStarlike.Sound.SoundPlayer args=[arg0=UnityEngine.AudioClip, arg1=ESoundType:SystemBGM]
[13:26:58.673] [HookInvoke][POST] Il2CppStarlike.Sound.SoundPlayer.PlayBGM instance=Il2CppStarlike.Sound.SoundPlayer args=[arg0=UnityEngine.AudioClip, arg1=ESoundType:SystemBGM]
[13:26:59.863] [HookInvoke][PRE] Il2CppStarlike.Sound.SoundPlayer.PlayBGM instance=Il2CppStarlike.Sound.SoundPlayer args=[arg0=UnityEngine.AudioClip, arg1=ESoundType:SystemBGM]
[13:26:59.863] [HookInvoke][POST] Il2CppStarlike.Sound.SoundPlayer.PlayBGM instance=Il2CppStarlike.Sound.SoundPlayer args=[arg0=UnityEngine.AudioClip, arg1=ESoundType:SystemBGM]
[13:27:02.429] [HookInvoke][PRE] Il2CppStarlike.Sound.SoundPlayer.StopBGM instance=Il2CppStarlike.Sound.SoundPlayer args=[]
[13:27:02.429] [HookInvoke][POST] Il2CppStarlike.Sound.SoundPlayer.StopBGM instance=Il2CppStarlike.Sound.SoundPlayer args=[]
[13:27:02.447] [TrackNameOverride][TrackID] trackId=summerdelight
[13:27:02.447] [TrackNameOverride][TrackID] trackId=coastral
[13:27:02.447] [TrackNameOverride][TrackID] trackId=toyinspace
[13:27:02.448] [TrackNameOverride][TrackID] trackId=kasumisou
[13:27:02.448] [TrackNameOverride][TrackID] trackId=pasteloid
[13:27:02.448] [TrackNameOverride][TrackID] trackId=tsubakinohana
[13:27:02.448] [TrackNameOverride][TrackID] trackId=tourmaline
[13:27:02.449] [TrackNameOverride][TrackID] trackId=spacecarouselstgz
[13:27:02.449] [TrackNameOverride][TrackID] trackId=startingpoint
[13:27:02.456] [FocusedTrackViewer][PRE] Il2CppStargazer.Travel.FocusedTrackViewer.SetTrack called.
[13:27:02.460] [STARGAZER custom chart] [FocusedTrackViewer][PRE] Member Catalog: FocusedTrackViewer.type=Il2CppStargazer.Travel.FocusedTrackViewer; props=[jacket:Image:rw, levelItems:List`1:rw, animator:Animator:rw, delay:Single:rw, lockedDim:GameObject:rw, lockedDimLocalizeText:LocalizeText:rw, adventureLockedDim:GameObject:rw, currentTrack:ITrackData:rw, _InputEnableDelay_k__BackingField:Single:rw, _InputEnabled_k__BackingField:Boolean:rw, _inputMap:IInputMap:rw, useSoundType:ESoundType:rw, InputEnableDelay:Single:ro, InputEnabled:Boolean:ro, InputMap:IInputMap:rw, debounceCoroutine:Coroutine:rw, m_CancellationTokenSource:CancellationTokenSource:rw, destroyCancellationToken:CancellationToken:ro, useGUILayout:Boolean:rw, enabled:Boolean:rw, isActiveAndEnabled:Boolean:ro, transform:Transform:ro, gameObject:GameObject:ro, tag:String:rw, m_CachedPtr:IntPtr:rw, name:String:rw, hideFlags:HideFlags:rw, ObjectClass:IntPtr:ro, Pointer:IntPtr:ro, WasCollected:Boolean:ro] ; fields=[isWrapped:Boolean, pooledPtr:IntPtr] ; methods=[get_jacket, get_levelItems, get_animator, get_delay, get_lockedDim, get_lockedDimLocalizeText, get_adventureLockedDim, get_currentTrack, get_InputEnableDelay, get_InputEnabled, get_InputMap, get__InputEnableDelay_k__BackingField, get__InputEnabled_k__BackingField, get__inputMap, get_useSoundType, get_debounceCoroutine, get_destroyCancellationToken, get_useGUILayout, get_m_CancellationTokenSource, get_enabled, get_isActiveAndEnabled, get_transform, get_gameObject, get_tag, get_m_CachedPtr, get_name, get_hideFlags, get_ObjectClass, get_Pointer, get_WasCollected]
[13:27:02.465] [STARGAZER custom chart] [FocusedTrackViewer][PRE] Found collection 'levelItems' with 3 items. Enumerating elements:
[13:27:02.466] [STARGAZER custom chart] [FocusedTrackViewer][PRE] Item[levelItems].type=Il2CppStargazer.Travel.FocusedTrackViewer+LevelUnit; props=[targetLevel:ELevels:rw, levelItem:LevelItem:rw, disabled:GameObject:rw, ObjectClass:IntPtr:ro, Pointer:IntPtr:ro, WasCollected:Boolean:ro] ; fields=[isWrapped:Boolean, pooledPtr:IntPtr] ; methods=[get_targetLevel, get_levelItem, get_disabled, get_ObjectClass, get_Pointer, get_WasCollected]
[13:27:02.468] [STARGAZER custom chart] [FocusedTrackViewer][PRE] Sub-item Catalog: levelItem[Item[levelItems]].type=Il2CppStargazer.Travel.LevelItem; props=[levelText:TextProvider:rw, m_CancellationTokenSource:CancellationTokenSource:rw, destroyCancellationToken:CancellationToken:ro, useGUILayout:Boolean:rw, enabled:Boolean:rw, isActiveAndEnabled:Boolean:ro, transform:Transform:ro, gameObject:GameObject:ro, tag:String:rw, m_CachedPtr:IntPtr:rw, name:String:rw, hideFlags:HideFlags:rw, ObjectClass:IntPtr:ro, Pointer:IntPtr:ro, WasCollected:Boolean:ro] ; fields=[isWrapped:Boolean, pooledPtr:IntPtr] ; methods=[get_levelText, get_m_CancellationTokenSource, get_destroyCancellationToken, get_useGUILayout, get_enabled, get_isActiveAndEnabled, get_transform, get_gameObject, get_tag, get_m_CachedPtr, get_name, get_hideFlags, get_ObjectClass, get_Pointer, get_WasCollected]
[13:27:02.469] [STARGAZER custom chart] [FocusedTrackViewer][PRE] TextProvider Catalog: levelText[levelItem[Item[levelItems]]].type=Il2Cpp.TextProvider; props=[GetTextDelegate:Func`1:rw, SetTextDelegate:Action`1:rw, textChain:List`1:rw, initialized:Boolean:rw, Text:String:rw, m_CancellationTokenSource:CancellationTokenSource:rw, destroyCancellationToken:CancellationToken:ro, useGUILayout:Boolean:rw, enabled:Boolean:rw, isActiveAndEnabled:Boolean:ro, transform:Transform:ro, gameObject:GameObject:ro, tag:String:rw, m_CachedPtr:IntPtr:rw, name:String:rw, hideFlags:HideFlags:rw, ObjectClass:IntPtr:ro, Pointer:IntPtr:ro, WasCollected:Boolean:ro] ; fields=[isWrapped:Boolean, pooledPtr:IntPtr] ; methods=[get_GetTextDelegate, get_SetTextDelegate, get_textChain, get_initialized, get_Text, get_m_CancellationTokenSource, get_destroyCancellationToken, get_useGUILayout, get_enabled, get_isActiveAndEnabled, get_transform, get_gameObject, get_tag, get_m_CachedPtr, get_name, get_hideFlags, get_ObjectClass, get_Pointer, get_WasCollected]
[13:27:02.470] [STARGAZER custom chart]   [0] Type=Il2CppStargazer.Travel.FocusedTrackViewer+LevelUnit (level=Cosmic) | levelItem: [level=Il2Cpp.TextProvider, index=1, text=Il2Cpp.TextProvider, name=Enabled, id=None] | levelText: [Text="7", str=Il2CppSystem.Threading.CancellationToken]
[13:27:02.470] [STARGAZER custom chart]   [1] Type=Il2CppStargazer.Travel.FocusedTrackViewer+LevelUnit (level=Stellar) | levelItem: [level=Il2Cpp.TextProvider, index=1, text=Il2Cpp.TextProvider, name=Enabled, id=None] | levelText: [Text="7", str=Il2CppSystem.Threading.CancellationToken]
[13:27:02.471] [STARGAZER custom chart]   [2] Type=Il2CppStargazer.Travel.FocusedTrackViewer+LevelUnit (level=Void) | levelItem: [level=Il2Cpp.TextProvider, index=1, text=Il2Cpp.TextProvider, name=Enabled, id=None] | levelText: [Text="7", str=Il2CppSystem.Threading.CancellationToken]
[13:27:02.472] [FocusedTrackViewer][PRE] Il2CppStargazer.Travel.FocusedTrackViewer.Refresh called.
[13:27:02.472] [STARGAZER custom chart] [FocusedTrackViewer][PRE] Member Catalog: FocusedTrackViewer.type=Il2CppStargazer.Travel.FocusedTrackViewer; props=[jacket:Image:rw, levelItems:List`1:rw, animator:Animator:rw, delay:Single:rw, lockedDim:GameObject:rw, lockedDimLocalizeText:LocalizeText:rw, adventureLockedDim:GameObject:rw, currentTrack:ITrackData:rw, _InputEnableDelay_k__BackingField:Single:rw, _InputEnabled_k__BackingField:Boolean:rw, _inputMap:IInputMap:rw, useSoundType:ESoundType:rw, InputEnableDelay:Single:ro, InputEnabled:Boolean:ro, InputMap:IInputMap:rw, debounceCoroutine:Coroutine:rw, m_CancellationTokenSource:CancellationTokenSource:rw, destroyCancellationToken:CancellationToken:ro, useGUILayout:Boolean:rw, enabled:Boolean:rw, isActiveAndEnabled:Boolean:ro, transform:Transform:ro, gameObject:GameObject:ro, tag:String:rw, m_CachedPtr:IntPtr:rw, name:String:rw, hideFlags:HideFlags:rw, ObjectClass:IntPtr:ro, Pointer:IntPtr:ro, WasCollected:Boolean:ro] ; fields=[isWrapped:Boolean, pooledPtr:IntPtr] ; methods=[get_jacket, get_levelItems, get_animator, get_delay, get_lockedDim, get_lockedDimLocalizeText, get_adventureLockedDim, get_currentTrack, get_InputEnableDelay, get_InputEnabled, get_InputMap, get__InputEnableDelay_k__BackingField, get__InputEnabled_k__BackingField, get__inputMap, get_useSoundType, get_debounceCoroutine, get_destroyCancellationToken, get_useGUILayout, get_m_CancellationTokenSource, get_enabled, get_isActiveAndEnabled, get_transform, get_gameObject, get_tag, get_m_CachedPtr, get_name, get_hideFlags, get_ObjectClass, get_Pointer, get_WasCollected]
[13:27:02.472] [STARGAZER custom chart] [FocusedTrackViewer][PRE] Found collection 'levelItems' with 3 items. Enumerating elements:
[13:27:02.473] [STARGAZER custom chart] [FocusedTrackViewer][PRE] Item[levelItems].type=Il2CppStargazer.Travel.FocusedTrackViewer+LevelUnit; props=[targetLevel:ELevels:rw, levelItem:LevelItem:rw, disabled:GameObject:rw, ObjectClass:IntPtr:ro, Pointer:IntPtr:ro, WasCollected:Boolean:ro] ; fields=[isWrapped:Boolean, pooledPtr:IntPtr] ; methods=[get_targetLevel, get_levelItem, get_disabled, get_ObjectClass, get_Pointer, get_WasCollected]
[13:27:02.473] [STARGAZER custom chart] [FocusedTrackViewer][PRE] Sub-item Catalog: levelItem[Item[levelItems]].type=Il2CppStargazer.Travel.LevelItem; props=[levelText:TextProvider:rw, m_CancellationTokenSource:CancellationTokenSource:rw, destroyCancellationToken:CancellationToken:ro, useGUILayout:Boolean:rw, enabled:Boolean:rw, isActiveAndEnabled:Boolean:ro, transform:Transform:ro, gameObject:GameObject:ro, tag:String:rw, m_CachedPtr:IntPtr:rw, name:String:rw, hideFlags:HideFlags:rw, ObjectClass:IntPtr:ro, Pointer:IntPtr:ro, WasCollected:Boolean:ro] ; fields=[isWrapped:Boolean, pooledPtr:IntPtr] ; methods=[get_levelText, get_m_CancellationTokenSource, get_destroyCancellationToken, get_useGUILayout, get_enabled, get_isActiveAndEnabled, get_transform, get_gameObject, get_tag, get_m_CachedPtr, get_name, get_hideFlags, get_ObjectClass, get_Pointer, get_WasCollected]
[13:27:02.474] [STARGAZER custom chart] [FocusedTrackViewer][PRE] TextProvider Catalog: levelText[levelItem[Item[levelItems]]].type=Il2Cpp.TextProvider; props=[GetTextDelegate:Func`1:rw, SetTextDelegate:Action`1:rw, textChain:List`1:rw, initialized:Boolean:rw, Text:String:rw, m_CancellationTokenSource:CancellationTokenSource:rw, destroyCancellationToken:CancellationToken:ro, useGUILayout:Boolean:rw, enabled:Boolean:rw, isActiveAndEnabled:Boolean:ro, transform:Transform:ro, gameObject:GameObject:ro, tag:String:rw, m_CachedPtr:IntPtr:rw, name:String:rw, hideFlags:HideFlags:rw, ObjectClass:IntPtr:ro, Pointer:IntPtr:ro, WasCollected:Boolean:ro] ; fields=[isWrapped:Boolean, pooledPtr:IntPtr] ; methods=[get_GetTextDelegate, get_SetTextDelegate, get_textChain, get_initialized, get_Text, get_m_CancellationTokenSource, get_destroyCancellationToken, get_useGUILayout, get_enabled, get_isActiveAndEnabled, get_transform, get_gameObject, get_tag, get_m_CachedPtr, get_name, get_hideFlags, get_ObjectClass, get_Pointer, get_WasCollected]
[13:27:02.474] [STARGAZER custom chart]   [0] Type=Il2CppStargazer.Travel.FocusedTrackViewer+LevelUnit (level=Cosmic) | levelItem: [level=Il2Cpp.TextProvider, index=1, text=Il2Cpp.TextProvider, name=Enabled, id=None] | levelText: [Text="1", str=Il2CppSystem.Threading.CancellationToken]
[13:27:02.475] [STARGAZER custom chart]   [1] Type=Il2CppStargazer.Travel.FocusedTrackViewer+LevelUnit (level=Stellar) | levelItem: [level=Il2Cpp.TextProvider, index=1, text=Il2Cpp.TextProvider, name=Enabled, id=None] | levelText: [Text="3", str=Il2CppSystem.Threading.CancellationToken]
[13:27:02.475] [STARGAZER custom chart]   [2] Type=Il2CppStargazer.Travel.FocusedTrackViewer+LevelUnit (level=Void) | levelItem: [level=Il2Cpp.TextProvider, index=1, text=Il2Cpp.TextProvider, name=Enabled, id=None] | levelText: [Text="6", str=Il2CppSystem.Threading.CancellationToken]
[13:27:02.475] [FocusedTrackViewer][POST] Il2CppStargazer.Travel.FocusedTrackViewer.Refresh finished.
[13:27:02.477] [STARGAZER custom chart] [FocusedTrackViewer][POST] Member Catalog: FocusedTrackViewer.type=Il2CppStargazer.Travel.FocusedTrackViewer; props=[jacket:Image:rw, levelItems:List`1:rw, animator:Animator:rw, delay:Single:rw, lockedDim:GameObject:rw, lockedDimLocalizeText:LocalizeText:rw, adventureLockedDim:GameObject:rw, currentTrack:ITrackData:rw, _InputEnableDelay_k__BackingField:Single:rw, _InputEnabled_k__BackingField:Boolean:rw, _inputMap:IInputMap:rw, useSoundType:ESoundType:rw, InputEnableDelay:Single:ro, InputEnabled:Boolean:ro, InputMap:IInputMap:rw, debounceCoroutine:Coroutine:rw, m_CancellationTokenSource:CancellationTokenSource:rw, destroyCancellationToken:CancellationToken:ro, useGUILayout:Boolean:rw, enabled:Boolean:rw, isActiveAndEnabled:Boolean:ro, transform:Transform:ro, gameObject:GameObject:ro, tag:String:rw, m_CachedPtr:IntPtr:rw, name:String:rw, hideFlags:HideFlags:rw, ObjectClass:IntPtr:ro, Pointer:IntPtr:ro, WasCollected:Boolean:ro] ; fields=[isWrapped:Boolean, pooledPtr:IntPtr] ; methods=[get_jacket, get_levelItems, get_animator, get_delay, get_lockedDim, get_lockedDimLocalizeText, get_adventureLockedDim, get_currentTrack, get_InputEnableDelay, get_InputEnabled, get_InputMap, get__InputEnableDelay_k__BackingField, get__InputEnabled_k__BackingField, get__inputMap, get_useSoundType, get_debounceCoroutine, get_destroyCancellationToken, get_useGUILayout, get_m_CancellationTokenSource, get_enabled, get_isActiveAndEnabled, get_transform, get_gameObject, get_tag, get_m_CachedPtr, get_name, get_hideFlags, get_ObjectClass, get_Pointer, get_WasCollected]
[13:27:02.477] [STARGAZER custom chart] [FocusedTrackViewer][POST] Found collection 'levelItems' with 3 items. Enumerating elements:
[13:27:02.477] [STARGAZER custom chart] [FocusedTrackViewer][POST] Item[levelItems].type=Il2CppStargazer.Travel.FocusedTrackViewer+LevelUnit; props=[targetLevel:ELevels:rw, levelItem:LevelItem:rw, disabled:GameObject:rw, ObjectClass:IntPtr:ro, Pointer:IntPtr:ro, WasCollected:Boolean:ro] ; fields=[isWrapped:Boolean, pooledPtr:IntPtr] ; methods=[get_targetLevel, get_levelItem, get_disabled, get_ObjectClass, get_Pointer, get_WasCollected]
[13:27:02.477] [STARGAZER custom chart] [FocusedTrackViewer][POST] Sub-item Catalog: levelItem[Item[levelItems]].type=Il2CppStargazer.Travel.LevelItem; props=[levelText:TextProvider:rw, m_CancellationTokenSource:CancellationTokenSource:rw, destroyCancellationToken:CancellationToken:ro, useGUILayout:Boolean:rw, enabled:Boolean:rw, isActiveAndEnabled:Boolean:ro, transform:Transform:ro, gameObject:GameObject:ro, tag:String:rw, m_CachedPtr:IntPtr:rw, name:String:rw, hideFlags:HideFlags:rw, ObjectClass:IntPtr:ro, Pointer:IntPtr:ro, WasCollected:Boolean:ro] ; fields=[isWrapped:Boolean, pooledPtr:IntPtr] ; methods=[get_levelText, get_m_CancellationTokenSource, get_destroyCancellationToken, get_useGUILayout, get_enabled, get_isActiveAndEnabled, get_transform, get_gameObject, get_tag, get_m_CachedPtr, get_name, get_hideFlags, get_ObjectClass, get_Pointer, get_WasCollected]
[13:27:02.478] [STARGAZER custom chart] [FocusedTrackViewer][POST] TextProvider Catalog: levelText[levelItem[Item[levelItems]]].type=Il2Cpp.TextProvider; props=[GetTextDelegate:Func`1:rw, SetTextDelegate:Action`1:rw, textChain:List`1:rw, initialized:Boolean:rw, Text:String:rw, m_CancellationTokenSource:CancellationTokenSource:rw, destroyCancellationToken:CancellationToken:ro, useGUILayout:Boolean:rw, enabled:Boolean:rw, isActiveAndEnabled:Boolean:ro, transform:Transform:ro, gameObject:GameObject:ro, tag:String:rw, m_CachedPtr:IntPtr:rw, name:String:rw, hideFlags:HideFlags:rw, ObjectClass:IntPtr:ro, Pointer:IntPtr:ro, WasCollected:Boolean:ro] ; fields=[isWrapped:Boolean, pooledPtr:IntPtr] ; methods=[get_GetTextDelegate, get_SetTextDelegate, get_textChain, get_initialized, get_Text, get_m_CancellationTokenSource, get_destroyCancellationToken, get_useGUILayout, get_enabled, get_isActiveAndEnabled, get_transform, get_gameObject, get_tag, get_m_CachedPtr, get_name, get_hideFlags, get_ObjectClass, get_Pointer, get_WasCollected]
[13:27:02.479] [STARGAZER custom chart]   [0] Type=Il2CppStargazer.Travel.FocusedTrackViewer+LevelUnit (level=Cosmic) | levelItem: [level=Il2Cpp.TextProvider, index=1, text=Il2Cpp.TextProvider, name=Enabled, id=None] | levelText: [Text="1", str=Il2CppSystem.Threading.CancellationToken]
[13:27:02.479] [STARGAZER custom chart]   [1] Type=Il2CppStargazer.Travel.FocusedTrackViewer+LevelUnit (level=Stellar) | levelItem: [level=Il2Cpp.TextProvider, index=1, text=Il2Cpp.TextProvider, name=Enabled, id=None] | levelText: [Text="3", str=Il2CppSystem.Threading.CancellationToken]
[13:27:02.479] [STARGAZER custom chart]   [2] Type=Il2CppStargazer.Travel.FocusedTrackViewer+LevelUnit (level=Void) | levelItem: [level=Il2Cpp.TextProvider, index=1, text=Il2Cpp.TextProvider, name=Enabled, id=None] | levelText: [Text="6", str=Il2CppSystem.Threading.CancellationToken]
[13:27:02.480] [FocusedTrackViewer][PRE] Il2CppStargazer.Travel.FocusedTrackViewer.FetchJacketImage called.
[13:27:02.480] [STARGAZER custom chart] [FocusedTrackViewer][PRE] Member Catalog: FocusedTrackViewer.type=Il2CppStargazer.Travel.FocusedTrackViewer; props=[jacket:Image:rw, levelItems:List`1:rw, animator:Animator:rw, delay:Single:rw, lockedDim:GameObject:rw, lockedDimLocalizeText:LocalizeText:rw, adventureLockedDim:GameObject:rw, currentTrack:ITrackData:rw, _InputEnableDelay_k__BackingField:Single:rw, _InputEnabled_k__BackingField:Boolean:rw, _inputMap:IInputMap:rw, useSoundType:ESoundType:rw, InputEnableDelay:Single:ro, InputEnabled:Boolean:ro, InputMap:IInputMap:rw, debounceCoroutine:Coroutine:rw, m_CancellationTokenSource:CancellationTokenSource:rw, destroyCancellationToken:CancellationToken:ro, useGUILayout:Boolean:rw, enabled:Boolean:rw, isActiveAndEnabled:Boolean:ro, transform:Transform:ro, gameObject:GameObject:ro, tag:String:rw, m_CachedPtr:IntPtr:rw, name:String:rw, hideFlags:HideFlags:rw, ObjectClass:IntPtr:ro, Pointer:IntPtr:ro, WasCollected:Boolean:ro] ; fields=[isWrapped:Boolean, pooledPtr:IntPtr] ; methods=[get_jacket, get_levelItems, get_animator, get_delay, get_lockedDim, get_lockedDimLocalizeText, get_adventureLockedDim, get_currentTrack, get_InputEnableDelay, get_InputEnabled, get_InputMap, get__InputEnableDelay_k__BackingField, get__InputEnabled_k__BackingField, get__inputMap, get_useSoundType, get_debounceCoroutine, get_destroyCancellationToken, get_useGUILayout, get_m_CancellationTokenSource, get_enabled, get_isActiveAndEnabled, get_transform, get_gameObject, get_tag, get_m_CachedPtr, get_name, get_hideFlags, get_ObjectClass, get_Pointer, get_WasCollected]
[13:27:02.481] [STARGAZER custom chart] [FocusedTrackViewer][PRE] Found collection 'levelItems' with 3 items. Enumerating elements:
[13:27:02.481] [STARGAZER custom chart] [FocusedTrackViewer][PRE] Item[levelItems].type=Il2CppStargazer.Travel.FocusedTrackViewer+LevelUnit; props=[targetLevel:ELevels:rw, levelItem:LevelItem:rw, disabled:GameObject:rw, ObjectClass:IntPtr:ro, Pointer:IntPtr:ro, WasCollected:Boolean:ro] ; fields=[isWrapped:Boolean, pooledPtr:IntPtr] ; methods=[get_targetLevel, get_levelItem, get_disabled, get_ObjectClass, get_Pointer, get_WasCollected]
[13:27:02.481] [STARGAZER custom chart] [FocusedTrackViewer][PRE] Sub-item Catalog: levelItem[Item[levelItems]].type=Il2CppStargazer.Travel.LevelItem; props=[levelText:TextProvider:rw, m_CancellationTokenSource:CancellationTokenSource:rw, destroyCancellationToken:CancellationToken:ro, useGUILayout:Boolean:rw, enabled:Boolean:rw, isActiveAndEnabled:Boolean:ro, transform:Transform:ro, gameObject:GameObject:ro, tag:String:rw, m_CachedPtr:IntPtr:rw, name:String:rw, hideFlags:HideFlags:rw, ObjectClass:IntPtr:ro, Pointer:IntPtr:ro, WasCollected:Boolean:ro] ; fields=[isWrapped:Boolean, pooledPtr:IntPtr] ; methods=[get_levelText, get_m_CancellationTokenSource, get_destroyCancellationToken, get_useGUILayout, get_enabled, get_isActiveAndEnabled, get_transform, get_gameObject, get_tag, get_m_CachedPtr, get_name, get_hideFlags, get_ObjectClass, get_Pointer, get_WasCollected]
[13:27:02.482] [STARGAZER custom chart] [FocusedTrackViewer][PRE] TextProvider Catalog: levelText[levelItem[Item[levelItems]]].type=Il2Cpp.TextProvider; props=[GetTextDelegate:Func`1:rw, SetTextDelegate:Action`1:rw, textChain:List`1:rw, initialized:Boolean:rw, Text:String:rw, m_CancellationTokenSource:CancellationTokenSource:rw, destroyCancellationToken:CancellationToken:ro, useGUILayout:Boolean:rw, enabled:Boolean:rw, isActiveAndEnabled:Boolean:ro, transform:Transform:ro, gameObject:GameObject:ro, tag:String:rw, m_CachedPtr:IntPtr:rw, name:String:rw, hideFlags:HideFlags:rw, ObjectClass:IntPtr:ro, Pointer:IntPtr:ro, WasCollected:Boolean:ro] ; fields=[isWrapped:Boolean, pooledPtr:IntPtr] ; methods=[get_GetTextDelegate, get_SetTextDelegate, get_textChain, get_initialized, get_Text, get_m_CancellationTokenSource, get_destroyCancellationToken, get_useGUILayout, get_enabled, get_isActiveAndEnabled, get_transform, get_gameObject, get_tag, get_m_CachedPtr, get_name, get_hideFlags, get_ObjectClass, get_Pointer, get_WasCollected]
[13:27:02.482] [STARGAZER custom chart]   [0] Type=Il2CppStargazer.Travel.FocusedTrackViewer+LevelUnit (level=Cosmic) | levelItem: [level=Il2Cpp.TextProvider, index=1, text=Il2Cpp.TextProvider, name=Enabled, id=None] | levelText: [Text="1", str=Il2CppSystem.Threading.CancellationToken]
[13:27:02.483] [STARGAZER custom chart]   [1] Type=Il2CppStargazer.Travel.FocusedTrackViewer+LevelUnit (level=Stellar) | levelItem: [level=Il2Cpp.TextProvider, index=1, text=Il2Cpp.TextProvider, name=Enabled, id=None] | levelText: [Text="3", str=Il2CppSystem.Threading.CancellationToken]
[13:27:02.483] [STARGAZER custom chart]   [2] Type=Il2CppStargazer.Travel.FocusedTrackViewer+LevelUnit (level=Void) | levelItem: [level=Il2Cpp.TextProvider, index=1, text=Il2Cpp.TextProvider, name=Enabled, id=None] | levelText: [Text="6", str=Il2CppSystem.Threading.CancellationToken]
[13:27:02.483] [FocusedTrackViewer][POST] Il2CppStargazer.Travel.FocusedTrackViewer.FetchJacketImage finished.
[13:27:02.484] [STARGAZER custom chart] [FocusedTrackViewer][POST] Member Catalog: FocusedTrackViewer.type=Il2CppStargazer.Travel.FocusedTrackViewer; props=[jacket:Image:rw, levelItems:List`1:rw, animator:Animator:rw, delay:Single:rw, lockedDim:GameObject:rw, lockedDimLocalizeText:LocalizeText:rw, adventureLockedDim:GameObject:rw, currentTrack:ITrackData:rw, _InputEnableDelay_k__BackingField:Single:rw, _InputEnabled_k__BackingField:Boolean:rw, _inputMap:IInputMap:rw, useSoundType:ESoundType:rw, InputEnableDelay:Single:ro, InputEnabled:Boolean:ro, InputMap:IInputMap:rw, debounceCoroutine:Coroutine:rw, m_CancellationTokenSource:CancellationTokenSource:rw, destroyCancellationToken:CancellationToken:ro, useGUILayout:Boolean:rw, enabled:Boolean:rw, isActiveAndEnabled:Boolean:ro, transform:Transform:ro, gameObject:GameObject:ro, tag:String:rw, m_CachedPtr:IntPtr:rw, name:String:rw, hideFlags:HideFlags:rw, ObjectClass:IntPtr:ro, Pointer:IntPtr:ro, WasCollected:Boolean:ro] ; fields=[isWrapped:Boolean, pooledPtr:IntPtr] ; methods=[get_jacket, get_levelItems, get_animator, get_delay, get_lockedDim, get_lockedDimLocalizeText, get_adventureLockedDim, get_currentTrack, get_InputEnableDelay, get_InputEnabled, get_InputMap, get__InputEnableDelay_k__BackingField, get__InputEnabled_k__BackingField, get__inputMap, get_useSoundType, get_debounceCoroutine, get_destroyCancellationToken, get_useGUILayout, get_m_CancellationTokenSource, get_enabled, get_isActiveAndEnabled, get_transform, get_gameObject, get_tag, get_m_CachedPtr, get_name, get_hideFlags, get_ObjectClass, get_Pointer, get_WasCollected]
[13:27:02.484] [STARGAZER custom chart] [FocusedTrackViewer][POST] Found collection 'levelItems' with 3 items. Enumerating elements:
[13:27:02.484] [STARGAZER custom chart] [FocusedTrackViewer][POST] Item[levelItems].type=Il2CppStargazer.Travel.FocusedTrackViewer+LevelUnit; props=[targetLevel:ELevels:rw, levelItem:LevelItem:rw, disabled:GameObject:rw, ObjectClass:IntPtr:ro, Pointer:IntPtr:ro, WasCollected:Boolean:ro] ; fields=[isWrapped:Boolean, pooledPtr:IntPtr] ; methods=[get_targetLevel, get_levelItem, get_disabled, get_ObjectClass, get_Pointer, get_WasCollected]
[13:27:02.485] [STARGAZER custom chart] [FocusedTrackViewer][POST] Sub-item Catalog: levelItem[Item[levelItems]].type=Il2CppStargazer.Travel.LevelItem; props=[levelText:TextProvider:rw, m_CancellationTokenSource:CancellationTokenSource:rw, destroyCancellationToken:CancellationToken:ro, useGUILayout:Boolean:rw, enabled:Boolean:rw, isActiveAndEnabled:Boolean:ro, transform:Transform:ro, gameObject:GameObject:ro, tag:String:rw, m_CachedPtr:IntPtr:rw, name:String:rw, hideFlags:HideFlags:rw, ObjectClass:IntPtr:ro, Pointer:IntPtr:ro, WasCollected:Boolean:ro] ; fields=[isWrapped:Boolean, pooledPtr:IntPtr] ; methods=[get_levelText, get_m_CancellationTokenSource, get_destroyCancellationToken, get_useGUILayout, get_enabled, get_isActiveAndEnabled, get_transform, get_gameObject, get_tag, get_m_CachedPtr, get_name, get_hideFlags, get_ObjectClass, get_Pointer, get_WasCollected]
[13:27:02.485] [STARGAZER custom chart] [FocusedTrackViewer][POST] TextProvider Catalog: levelText[levelItem[Item[levelItems]]].type=Il2Cpp.TextProvider; props=[GetTextDelegate:Func`1:rw, SetTextDelegate:Action`1:rw, textChain:List`1:rw, initialized:Boolean:rw, Text:String:rw, m_CancellationTokenSource:CancellationTokenSource:rw, destroyCancellationToken:CancellationToken:ro, useGUILayout:Boolean:rw, enabled:Boolean:rw, isActiveAndEnabled:Boolean:ro, transform:Transform:ro, gameObject:GameObject:ro, tag:String:rw, m_CachedPtr:IntPtr:rw, name:String:rw, hideFlags:HideFlags:rw, ObjectClass:IntPtr:ro, Pointer:IntPtr:ro, WasCollected:Boolean:ro] ; fields=[isWrapped:Boolean, pooledPtr:IntPtr] ; methods=[get_GetTextDelegate, get_SetTextDelegate, get_textChain, get_initialized, get_Text, get_m_CancellationTokenSource, get_destroyCancellationToken, get_useGUILayout, get_enabled, get_isActiveAndEnabled, get_transform, get_gameObject, get_tag, get_m_CachedPtr, get_name, get_hideFlags, get_ObjectClass, get_Pointer, get_WasCollected]
[13:27:02.487] [STARGAZER custom chart]   [0] Type=Il2CppStargazer.Travel.FocusedTrackViewer+LevelUnit (level=Cosmic) | levelItem: [level=Il2Cpp.TextProvider, index=1, text=Il2Cpp.TextProvider, name=Enabled, id=None] | levelText: [Text="1", str=Il2CppSystem.Threading.CancellationToken]
[13:27:02.488] [STARGAZER custom chart]   [1] Type=Il2CppStargazer.Travel.FocusedTrackViewer+LevelUnit (level=Stellar) | levelItem: [level=Il2Cpp.TextProvider, index=1, text=Il2Cpp.TextProvider, name=Enabled, id=None] | levelText: [Text="3", str=Il2CppSystem.Threading.CancellationToken]
[13:27:02.488] [STARGAZER custom chart]   [2] Type=Il2CppStargazer.Travel.FocusedTrackViewer+LevelUnit (level=Void) | levelItem: [level=Il2Cpp.TextProvider, index=1, text=Il2Cpp.TextProvider, name=Enabled, id=None] | levelText: [Text="6", str=Il2CppSystem.Threading.CancellationToken]
[13:27:02.488] [FocusedTrackViewer][POST] Il2CppStargazer.Travel.FocusedTrackViewer.SetTrack finished.
[13:27:02.488] [STARGAZER custom chart] [FocusedTrackViewer][POST] Member Catalog: FocusedTrackViewer.type=Il2CppStargazer.Travel.FocusedTrackViewer; props=[jacket:Image:rw, levelItems:List`1:rw, animator:Animator:rw, delay:Single:rw, lockedDim:GameObject:rw, lockedDimLocalizeText:LocalizeText:rw, adventureLockedDim:GameObject:rw, currentTrack:ITrackData:rw, _InputEnableDelay_k__BackingField:Single:rw, _InputEnabled_k__BackingField:Boolean:rw, _inputMap:IInputMap:rw, useSoundType:ESoundType:rw, InputEnableDelay:Single:ro, InputEnabled:Boolean:ro, InputMap:IInputMap:rw, debounceCoroutine:Coroutine:rw, m_CancellationTokenSource:CancellationTokenSource:rw, destroyCancellationToken:CancellationToken:ro, useGUILayout:Boolean:rw, enabled:Boolean:rw, isActiveAndEnabled:Boolean:ro, transform:Transform:ro, gameObject:GameObject:ro, tag:String:rw, m_CachedPtr:IntPtr:rw, name:String:rw, hideFlags:HideFlags:rw, ObjectClass:IntPtr:ro, Pointer:IntPtr:ro, WasCollected:Boolean:ro] ; fields=[isWrapped:Boolean, pooledPtr:IntPtr] ; methods=[get_jacket, get_levelItems, get_animator, get_delay, get_lockedDim, get_lockedDimLocalizeText, get_adventureLockedDim, get_currentTrack, get_InputEnableDelay, get_InputEnabled, get_InputMap, get__InputEnableDelay_k__BackingField, get__InputEnabled_k__BackingField, get__inputMap, get_useSoundType, get_debounceCoroutine, get_destroyCancellationToken, get_useGUILayout, get_m_CancellationTokenSource, get_enabled, get_isActiveAndEnabled, get_transform, get_gameObject, get_tag, get_m_CachedPtr, get_name, get_hideFlags, get_ObjectClass, get_Pointer, get_WasCollected]
[13:27:02.489] [STARGAZER custom chart] [FocusedTrackViewer][POST] Found collection 'levelItems' with 3 items. Enumerating elements:
[13:27:02.489] [STARGAZER custom chart] [FocusedTrackViewer][POST] Item[levelItems].type=Il2CppStargazer.Travel.FocusedTrackViewer+LevelUnit; props=[targetLevel:ELevels:rw, levelItem:LevelItem:rw, disabled:GameObject:rw, ObjectClass:IntPtr:ro, Pointer:IntPtr:ro, WasCollected:Boolean:ro] ; fields=[isWrapped:Boolean, pooledPtr:IntPtr] ; methods=[get_targetLevel, get_levelItem, get_disabled, get_ObjectClass, get_Pointer, get_WasCollected]
[13:27:02.489] [STARGAZER custom chart] [FocusedTrackViewer][POST] Sub-item Catalog: levelItem[Item[levelItems]].type=Il2CppStargazer.Travel.LevelItem; props=[levelText:TextProvider:rw, m_CancellationTokenSource:CancellationTokenSource:rw, destroyCancellationToken:CancellationToken:ro, useGUILayout:Boolean:rw, enabled:Boolean:rw, isActiveAndEnabled:Boolean:ro, transform:Transform:ro, gameObject:GameObject:ro, tag:String:rw, m_CachedPtr:IntPtr:rw, name:String:rw, hideFlags:HideFlags:rw, ObjectClass:IntPtr:ro, Pointer:IntPtr:ro, WasCollected:Boolean:ro] ; fields=[isWrapped:Boolean, pooledPtr:IntPtr] ; methods=[get_levelText, get_m_CancellationTokenSource, get_destroyCancellationToken, get_useGUILayout, get_enabled, get_isActiveAndEnabled, get_transform, get_gameObject, get_tag, get_m_CachedPtr, get_name, get_hideFlags, get_ObjectClass, get_Pointer, get_WasCollected]
[13:27:02.490] [STARGAZER custom chart] [FocusedTrackViewer][POST] TextProvider Catalog: levelText[levelItem[Item[levelItems]]].type=Il2Cpp.TextProvider; props=[GetTextDelegate:Func`1:rw, SetTextDelegate:Action`1:rw, textChain:List`1:rw, initialized:Boolean:rw, Text:String:rw, m_CancellationTokenSource:CancellationTokenSource:rw, destroyCancellationToken:CancellationToken:ro, useGUILayout:Boolean:rw, enabled:Boolean:rw, isActiveAndEnabled:Boolean:ro, transform:Transform:ro, gameObject:GameObject:ro, tag:String:rw, m_CachedPtr:IntPtr:rw, name:String:rw, hideFlags:HideFlags:rw, ObjectClass:IntPtr:ro, Pointer:IntPtr:ro, WasCollected:Boolean:ro] ; fields=[isWrapped:Boolean, pooledPtr:IntPtr] ; methods=[get_GetTextDelegate, get_SetTextDelegate, get_textChain, get_initialized, get_Text, get_m_CancellationTokenSource, get_destroyCancellationToken, get_useGUILayout, get_enabled, get_isActiveAndEnabled, get_transform, get_gameObject, get_tag, get_m_CachedPtr, get_name, get_hideFlags, get_ObjectClass, get_Pointer, get_WasCollected]
[13:27:02.490] [STARGAZER custom chart]   [0] Type=Il2CppStargazer.Travel.FocusedTrackViewer+LevelUnit (level=Cosmic) | levelItem: [level=Il2Cpp.TextProvider, index=1, text=Il2Cpp.TextProvider, name=Enabled, id=None] | levelText: [Text="1", str=Il2CppSystem.Threading.CancellationToken]
[13:27:02.490] [STARGAZER custom chart]   [1] Type=Il2CppStargazer.Travel.FocusedTrackViewer+LevelUnit (level=Stellar) | levelItem: [level=Il2Cpp.TextProvider, index=1, text=Il2Cpp.TextProvider, name=Enabled, id=None] | levelText: [Text="3", str=Il2CppSystem.Threading.CancellationToken]
[13:27:02.491] [STARGAZER custom chart]   [2] Type=Il2CppStargazer.Travel.FocusedTrackViewer+LevelUnit (level=Void) | levelItem: [level=Il2Cpp.TextProvider, index=1, text=Il2Cpp.TextProvider, name=Enabled, id=None] | levelText: [Text="6", str=Il2CppSystem.Threading.CancellationToken]
[13:27:02.533] [TrackNameOverride][TrackID] trackId=spacecarouselstgz
[13:27:02.533] [TrackNameOverride][ArtistDisplayName] trackId=spacecarouselstgz artist=yomoha
[13:27:02.533] [TrackNameOverride][TrackID] trackId=spacecarouselstgz
[13:27:02.534] [TrackNameOverride][ArtistDisplayName] trackId=spacecarouselstgz artist=yomoha
[13:27:02.534] [TrackNameOverride][TrackID] trackId=spacecarouselstgz
[13:27:02.535] [TrackNameOverride][TrackID] trackId=spacecarouselstgz
[13:27:02.535] [TrackNameOverride][TrackID] trackId=spacecarouselstgz
[13:27:02.536] [TrackNameOverride][TrackID] trackId=startingpoint
[13:27:02.536] [STARGAZER custom chart] [TrackNameOverride][TrackDisplayName] trackId=startingpoint Starting Point -> Starting Point [SP]
[13:27:02.536] [TrackNameOverride][TrackID] trackId=startingpoint
[13:27:02.536] [STARGAZER custom chart] [TrackNameOverride][TrackDisplayName] trackId=startingpoint Starting Point -> Starting Point [SP]
[13:27:02.536] [TrackNameOverride][TrackID] trackId=startingpoint
[13:27:02.537] [TrackNameOverride][ArtistDisplayName] trackId=startingpoint artist=LucaProject
[13:27:02.537] [TrackNameOverride][TrackID] trackId=startingpoint
[13:27:02.537] [TrackNameOverride][ArtistDisplayName] trackId=startingpoint artist=LucaProject
[13:27:02.537] [TrackNameOverride][TrackID] trackId=startingpoint
[13:27:02.538] [TrackNameOverride][TrackID] trackId=startingpoint
[13:27:02.538] [TrackNameOverride][TrackID] trackId=startingpoint
[13:27:02.538] [TrackNameOverride][TrackID] trackId=startingpointremix
[13:27:02.538] [TrackNameOverride][ArtistDisplayName] trackId=startingpointremix artist=LucaProject (Remix. yomoha)
[13:27:02.539] [TrackNameOverride][TrackID] trackId=startingpointremix
[13:27:02.539] [TrackNameOverride][ArtistDisplayName] trackId=startingpointremix artist=LucaProject (Remix. yomoha)
[13:27:02.539] [TrackNameOverride][TrackID] trackId=startingpointremix
[13:27:02.539] [TrackNameOverride][TrackID] trackId=startingpointremix
[13:27:02.539] [TrackNameOverride][TrackID] trackId=startingpointremix
[13:27:02.539] [TrackNameOverride][TrackID] trackId=ladyandlazy
[13:27:02.539] [TrackNameOverride][ArtistDisplayName] trackId=ladyandlazy artist=yomoha
[13:27:02.540] [TrackNameOverride][TrackID] trackId=ladyandlazy
[13:27:02.540] [TrackNameOverride][ArtistDisplayName] trackId=ladyandlazy artist=yomoha
[13:27:02.540] [TrackNameOverride][TrackID] trackId=ladyandlazy
[13:27:02.540] [TrackNameOverride][TrackID] trackId=ladyandlazy
[13:27:02.540] [TrackNameOverride][TrackID] trackId=ladyandlazy
[13:27:02.541] [TrackNameOverride][TrackID] trackId=winningwave
[13:27:02.541] [TrackNameOverride][ArtistDisplayName] trackId=winningwave artist=Sound Souler
[13:27:02.541] [TrackNameOverride][TrackID] trackId=winningwave
[13:27:02.541] [TrackNameOverride][ArtistDisplayName] trackId=winningwave artist=Sound Souler
[13:27:02.541] [TrackNameOverride][TrackID] trackId=winningwave
[13:27:02.542] [TrackNameOverride][TrackID] trackId=winningwave
[13:27:02.542] [TrackNameOverride][TrackID] trackId=winningwave
[13:27:02.542] [TrackNameOverride][TrackID] trackId=azureeyez
[13:27:02.542] [TrackNameOverride][ArtistDisplayName] trackId=azureeyez artist=KARUT
[13:27:02.542] [TrackNameOverride][TrackID] trackId=azureeyez
[13:27:02.542] [TrackNameOverride][ArtistDisplayName] trackId=azureeyez artist=KARUT
[13:27:02.544] [TrackNameOverride][TrackID] trackId=azureeyez
[13:27:02.545] [TrackNameOverride][TrackID] trackId=azureeyez
[13:27:02.545] [TrackNameOverride][TrackID] trackId=azureeyez
[13:27:02.545] [TrackNameOverride][TrackID] trackId=twinkleraindrop
[13:27:02.545] [TrackNameOverride][ArtistDisplayName] trackId=twinkleraindrop artist=キリケン
[13:27:02.545] [TrackNameOverride][TrackID] trackId=twinkleraindrop
[13:27:02.546] [TrackNameOverride][ArtistDisplayName] trackId=twinkleraindrop artist=キリケン
[13:27:02.546] [TrackNameOverride][TrackID] trackId=twinkleraindrop
[13:27:02.546] [TrackNameOverride][TrackID] trackId=twinkleraindrop
[13:27:02.546] [TrackNameOverride][TrackID] trackId=twinkleraindrop
[13:27:02.547] [TrackNameOverride][TrackID] trackId=startingpoint
[13:27:02.547] [STARGAZER custom chart] [TrackNameOverride][TrackDisplayName] trackId=startingpoint Starting Point -> Starting Point [SP]
[13:27:02.547] [TrackNameOverride][TrackID] trackId=startingpoint
[13:27:02.547] [STARGAZER custom chart] [TrackNameOverride][TrackDisplayName] trackId=startingpoint Starting Point -> Starting Point [SP]
[13:27:02.623] [HookInvoke][PRE] Il2CppStargazer.TrackLoader+INNER_TrackData.LoadPreviewClip instance=Il2CppStargazer.TrackLoader+INNER_TrackData args=[arg0=Il2CppSystem.Action`1[[UnityEngine.AudioClip, UnityEngine.AudioModule, Version=0.0.0.0, Culture=neutral, PublicKeyToken=null]]]
[13:27:02.623] [HookInvoke][POST] Il2CppStargazer.TrackLoader+INNER_TrackData.LoadPreviewClip instance=Il2CppStargazer.TrackLoader+INNER_TrackData args=[arg0=Il2CppSystem.Action`1[[UnityEngine.AudioClip, UnityEngine.AudioModule, Version=0.0.0.0, Culture=neutral, PublicKeyToken=null]]]
[13:27:02.661] [HookInvoke][PRE] Il2CppStarlike.Sound.SoundPlayer.PlayBGM instance=Il2CppStarlike.Sound.SoundPlayer args=[arg0=UnityEngine.AudioClip, arg1=ESoundType:PlayBGM]
[13:27:02.662] [HookInvoke][POST] Il2CppStarlike.Sound.SoundPlayer.PlayBGM instance=Il2CppStarlike.Sound.SoundPlayer args=[arg0=UnityEngine.AudioClip, arg1=ESoundType:PlayBGM]
[13:27:12.794] [HookInvoke][PRE] Il2CppStargazer.Travel.LevelSelector.LevelSelector.FetchTrackRecord instance=Il2CppStargazer.Travel.LevelSelector.LevelSelector args=[arg0=null]
[13:27:12.794] [HookInvoke][POST] Il2CppStargazer.Travel.LevelSelector.LevelSelector.FetchTrackRecord instance=Il2CppStargazer.Travel.LevelSelector.LevelSelector args=[arg0=null]
[13:27:12.795] [LevelSelectorInstance] Catalog: LevelSelectorInstance.type=Il2CppStargazer.Travel.LevelSelector.LevelSelector; props=[levels:List`1:rw, jacket:Image:rw, trackName:TextProvider:rw, artistName:TextProvider:rw, rankViewer:RankViewer:rw, lemp:ClearLemp:rw, bestRecord:RateInterpolator:rw, bestRecordScore:ScoreInterpolator:rw, noRecordObject:GameObject:rw, noRateObject:GameObject:rw, confirmButton:Animator:rw, trackID:String:rw, SelectionChanged:UnityEvent:rw, SelectionConfirmed:UnityEvent:rw, index:Int32:rw, listCount:Int32:rw, MoveScroll:Action`1:rw, Select:Action`1:rw, Getter:Func`1:rw, InitializeSelectionOnSet:Boolean:rw, SelectedIndex:Int32:ro, _InputEnableDelay_k__BackingField:Single:rw, _InputEnabled_k__BackingField:Boolean:rw, _inputMap:IInputMap:rw, useSoundType:ESoundType:rw, InputEnableDelay:Single:ro, InputEnabled:Boolean:ro, InputMap:IInputMap:rw, debounceCoroutine:Coroutine:rw, m_CancellationTokenSource:CancellationTokenSource:rw, destroyCancellationToken:CancellationToken:ro, useGUILayout:Boolean:rw, enabled:Boolean:rw, isActiveAndEnabled:Boolean:ro, transform:Transform:ro, gameObject:GameObject:ro, tag:String:rw, m_CachedPtr:IntPtr:rw, name:String:rw, hideFlags:HideFlags:rw, ObjectClass:IntPtr:ro, Pointer:IntPtr:ro, WasCollected:Boolean:ro] ; fields=[isWrapped:Boolean, pooledPtr:IntPtr] ; methods=[get_levels, get_jacket, get_trackName, get_artistName, get_rankViewer, get_lemp, get_bestRecord, get_bestRecordScore, get_noRecordObject, get_noRateObject, get_confirmButton, get_trackID, get_SelectedIndex, get_SelectionChanged, get_SelectionConfirmed, get_index, get_listCount, get_MoveScroll, get_Select, get_Getter, get_InitializeSelectionOnSet, get_InputEnableDelay, get_InputEnabled, get_InputMap, get__InputEnableDelay_k__BackingField, get__InputEnabled_k__BackingField, get__inputMap, get_useSoundType, get_debounceCoroutine, get_destroyCancellationToken, get_useGUILayout, get_m_CancellationTokenSource, get_enabled, get_isActiveAndEnabled, get_transform, get_gameObject, get_tag, get_m_CachedPtr, get_name, get_hideFlags, get_ObjectClass, get_Pointer, get_WasCollected]
[13:27:12.797] [STARGAZER custom chart] [LevelSelector][Enumerate] Found 'levels' collection with 3 items. Enumerating elements:
[13:27:12.798] [STARGAZER custom chart] [LevelSelector][Enumerate] SelectionLevel Catalog: SelectionLevel.type=Il2CppStargazer.Travel.LevelSelector.LevelSelector+SelectionLevel; props=[item:LevelItem:rw, selectedValue:ELevels:rw, selectionID:String:rw, onSelected:UnityEvent:rw, OnDeselected:UnityEvent:rw, ObjectClass:IntPtr:ro, Pointer:IntPtr:ro, WasCollected:Boolean:ro] ; fields=[isWrapped:Boolean, pooledPtr:IntPtr] ; methods=[get_item, get_selectedValue, get_selectionID, get_onSelected, get_OnDeselected, get_ObjectClass, get_Pointer, get_WasCollected]
[13:27:12.799] [STARGAZER custom chart]   [0] Type=Il2CppStargazer.Travel.LevelSelector.LevelSelector+SelectionLevel (id=, value=-762978144)
[13:27:12.800] [STARGAZER custom chart]   [1] Type=Il2CppStargazer.Travel.LevelSelector.LevelSelector+SelectionLevel (id=, value=-762978144)
[13:27:12.800] [STARGAZER custom chart]   [2] Type=Il2CppStargazer.Travel.LevelSelector.LevelSelector+SelectionLevel (id=, value=-762978144)
[13:27:12.804] [HookInvoke][PRE] Il2CppStargazer.Travel.LevelSelector.LevelSelector.FetchJacektImage instance=Il2CppStargazer.Travel.LevelSelector.LevelSelector args=[arg0=UnityEngine.Sprite]
[13:27:12.805] [HookInvoke][POST] Il2CppStargazer.Travel.LevelSelector.LevelSelector.FetchJacektImage instance=Il2CppStargazer.Travel.LevelSelector.LevelSelector args=[arg0=UnityEngine.Sprite]
[13:27:12.805] [LevelSelector][FetchJacektImage] Sprite Name: startingpoint
[13:27:12.805] [TrackNameOverride][TrackID] trackId=startingpoint
[13:27:12.805] [STARGAZER custom chart] [TrackNameOverride][TrackDisplayName] trackId=startingpoint Starting Point -> Starting Point [SP]
[13:27:12.805] [TrackNameOverride][TrackID] trackId=startingpoint
[13:27:12.806] [TrackNameOverride][ArtistDisplayName] trackId=startingpoint artist=LucaProject
[13:27:12.806] [TrackNameOverride][TrackID] trackId=startingpoint
[13:27:12.806] [HookInvoke][PRE] Il2CppStargazer.Travel.LevelSelector.LevelSelector.FetchTrackRecord instance=Il2CppStargazer.Travel.LevelSelector.LevelSelector args=[arg0=Il2CppStargazer.Travel.ITrackRecord]
[13:27:12.807] [HookInvoke][POST] Il2CppStargazer.Travel.LevelSelector.LevelSelector.FetchTrackRecord instance=Il2CppStargazer.Travel.LevelSelector.LevelSelector args=[arg0=Il2CppStargazer.Travel.ITrackRecord]
[13:27:12.807] [LevelSelectorInstance] Catalog: LevelSelectorInstance.type=Il2CppStargazer.Travel.LevelSelector.LevelSelector; props=[levels:List`1:rw, jacket:Image:rw, trackName:TextProvider:rw, artistName:TextProvider:rw, rankViewer:RankViewer:rw, lemp:ClearLemp:rw, bestRecord:RateInterpolator:rw, bestRecordScore:ScoreInterpolator:rw, noRecordObject:GameObject:rw, noRateObject:GameObject:rw, confirmButton:Animator:rw, trackID:String:rw, SelectionChanged:UnityEvent:rw, SelectionConfirmed:UnityEvent:rw, index:Int32:rw, listCount:Int32:rw, MoveScroll:Action`1:rw, Select:Action`1:rw, Getter:Func`1:rw, InitializeSelectionOnSet:Boolean:rw, SelectedIndex:Int32:ro, _InputEnableDelay_k__BackingField:Single:rw, _InputEnabled_k__BackingField:Boolean:rw, _inputMap:IInputMap:rw, useSoundType:ESoundType:rw, InputEnableDelay:Single:ro, InputEnabled:Boolean:ro, InputMap:IInputMap:rw, debounceCoroutine:Coroutine:rw, m_CancellationTokenSource:CancellationTokenSource:rw, destroyCancellationToken:CancellationToken:ro, useGUILayout:Boolean:rw, enabled:Boolean:rw, isActiveAndEnabled:Boolean:ro, transform:Transform:ro, gameObject:GameObject:ro, tag:String:rw, m_CachedPtr:IntPtr:rw, name:String:rw, hideFlags:HideFlags:rw, ObjectClass:IntPtr:ro, Pointer:IntPtr:ro, WasCollected:Boolean:ro] ; fields=[isWrapped:Boolean, pooledPtr:IntPtr] ; methods=[get_levels, get_jacket, get_trackName, get_artistName, get_rankViewer, get_lemp, get_bestRecord, get_bestRecordScore, get_noRecordObject, get_noRateObject, get_confirmButton, get_trackID, get_SelectedIndex, get_SelectionChanged, get_SelectionConfirmed, get_index, get_listCount, get_MoveScroll, get_Select, get_Getter, get_InitializeSelectionOnSet, get_InputEnableDelay, get_InputEnabled, get_InputMap, get__InputEnableDelay_k__BackingField, get__InputEnabled_k__BackingField, get__inputMap, get_useSoundType, get_debounceCoroutine, get_destroyCancellationToken, get_useGUILayout, get_m_CancellationTokenSource, get_enabled, get_isActiveAndEnabled, get_transform, get_gameObject, get_tag, get_m_CachedPtr, get_name, get_hideFlags, get_ObjectClass, get_Pointer, get_WasCollected]
[13:27:12.807] [STARGAZER custom chart] [LevelSelector][Enumerate] Found 'levels' collection with 3 items. Enumerating elements:
[13:27:12.808] [STARGAZER custom chart] [LevelSelector][Enumerate] SelectionLevel Catalog: SelectionLevel.type=Il2CppStargazer.Travel.LevelSelector.LevelSelector+SelectionLevel; props=[item:LevelItem:rw, selectedValue:ELevels:rw, selectionID:String:rw, onSelected:UnityEvent:rw, OnDeselected:UnityEvent:rw, ObjectClass:IntPtr:ro, Pointer:IntPtr:ro, WasCollected:Boolean:ro] ; fields=[isWrapped:Boolean, pooledPtr:IntPtr] ; methods=[get_item, get_selectedValue, get_selectionID, get_onSelected, get_OnDeselected, get_ObjectClass, get_Pointer, get_WasCollected]
[13:27:12.808] [STARGAZER custom chart]   [0] Type=Il2CppStargazer.Travel.LevelSelector.LevelSelector+SelectionLevel (id=1, value=-762978144)
[13:27:12.808] [STARGAZER custom chart]   [1] Type=Il2CppStargazer.Travel.LevelSelector.LevelSelector+SelectionLevel (id=3, value=-762978144)
[13:27:12.808] [STARGAZER custom chart]   [2] Type=Il2CppStargazer.Travel.LevelSelector.LevelSelector+SelectionLevel (id=6, value=-762978144)
[13:27:12.809] [LevelSelector][FetchTrackRecord] Record Catalog: FetchTrackRecord.record.type=Il2CppStargazer.Travel.ITrackRecord; props=[Accuracy:Int32:ro, Rank:ERanks:ro, FullCombo:Boolean:ro, Score:Int32:ro, ObjectClass:IntPtr:ro, Pointer:IntPtr:ro, WasCollected:Boolean:ro] ; fields=[isWrapped:Boolean, pooledPtr:IntPtr] ; methods=[get_Accuracy, get_Rank, get_FullCombo, get_Score, get_ObjectClass, get_Pointer, get_WasCollected]
[13:27:12.809] [LevelSelector][FetchTrackRecord] Record Details: score=17780, accuracy=1000000, combo=True, rank=PB
[13:27:12.809] [TrackNameOverride][TrackID] trackId=startingpoint
[13:27:25.499] Preferences Saved!
